SAMPLE_NO,SAMPLE_SOURCE_CODE,SAMPLE_SOURCE,ROCK_GROUP_CODE,ROCK_GROUP,LITHO_CODE,LITHO_CONF,LITHOLOGY_NAME,LITHO_MODIFIER,MAP_SYMBOL,STRAT_CONF,STRAT_NAME,COLLECTED_BY,COLLECTORS_NUMBER,COLLECTED_DATE,DRILLHOLE_NUMBER,DH_NAME,DH_DEPTH_FROM,DH_DEPTH_TO,SITE_NO,EASTING_GDA2020,NORTHING_GDA2020,ZONE_GDA2020,LONGITUDE_GDA2020,LATITUDE_GDA2020,LONGITUDE_GDA94,LATITUDE_GDA94,Au_METHOD_CODE,Au_DETERMINATION,Au_DIGESTION,Au_FUSION,Fe_METHOD_CODE,Fe_DETERMINATION,Fe_DIGESTION,Fe_FUSION,Fe2O3_METHOD_CODE,Fe2O3_DETERMINATION,Fe2O3_DIGESTION,Fe2O3_FUSION,FeO_METHOD_CODE,FeO_DETERMINATION,FeO_DIGESTION,FeO_FUSION
591,RO,Rock outcrop / float,MG,Metamorphic General,GNSS,,Gneiss,"Hornblende Biotite, foliated",MN,,Mesoproterozoic-Neoproterozoic rocks,"MIRAMS, R.C.",600/4,13/12/1960,,,,,128098,534979.63,7006677.22,52,129.3527548,-27.0617422,129.3527461,-27.061728,,,,,AES,ICP-AES,N/S,unknown,,,,,,,,
2071336,DC,Drill core,,,,,,,,,,MAXIMUS RESOURCES LTD.,MX060348,08/01/2007,280146.0,BH27,322.0,323.0,1983443,309223.69,6129577.46,54,138.9105562,-34.9583915,138.9105458,-34.9583774,FA50/AAS,AAS,FA,unknown,,,,,,,,,,,,
6481,CT,Drill cuttings,MG,Metamorphic General,AMPH,,Amphibolite,Quartzose.  Pyroxene-Magnetite-Pyrite,LN,,Proterozoic rocks,"CROOKS, A.F.",QS17959 QS17947,,131650.0,RPN 8B,81.0,85.5,118970,356129.27,6534482.34,53,133.4880502,-31.3151643,133.4880409,-31.3151501,,,,,,,,,,,,,,unknown,unknown,unknown
6482,CT,Drill cuttings,MG,Metamorphic General,AMPH,,Amphibolite,Serpentinized,LN,,Proterozoic rocks,"CROOKS, A.F.",QS17958 QS17939,,131649.0,RPN 7,82.5,,118969,356129.3,6533557.24,53,133.4879172,-31.3235083,133.4879079,-31.3234941,,,,,,,,,,unknown,unknown,unknown,,,,
9022,DC,Drill core,IFI,Igneous Felsic Intrusive,GRNT,,Granite,Fine Grained,Mh,,Hiltaba Suite,"THOMSON, B.P.",,31/05/1966,123456.0,,10.0,20.0,132472,425517.45,6641459.29,53,134.2249681,-30.3564693,134.2249587,-30.3564551,,,,,IC1,ICP-OES,PERC,unknown,,,,,,,,
10906,CT,Drill cuttings,IFI,Igneous Felsic Intrusive,GRNT,,Granite,Porphyritic,Mh,,Hiltaba Suite,"JACK, R.L.",,,654321.0,,183.6,195.3,133251,512656.45,6325695.75,53,135.1358039,-33.2075473,135.1357943,-33.2075331,,,,,,unknown,unknown,unknown,,,,,,,,
